
> farmers-factory@0.1.0 build
> next build

node.exe :  Ô¿» 
Failed to load 
next.config.ts, see 
more info here https:/
/nextjs.org/docs/messa
ges/next-config-error
At line:1 char:1
+ & "C:\Program Files\
nodejs/node.exe" "C:\U
sers\Naveen\AppData\Ro
aming ...
+ ~~~~~~~~~~~~~~~~~~~~
~~~~~~~~~~~~~~~~~~~~~~
~~~~~~~~~~~~~~~~~~~~~~
~~~~~
    + CategoryInfo    
          : NotSpeci  
  fied: ( Ô¿» Faile   
 d to ...xt-config    
-error:String) []    
, RemoteException
    + FullyQualifiedE 
   rrorId : NativeCo  
  mmandError
 

> Build error occurred
Error: [Farmers 
Factory] Missing 
required environment 
variable at build 
time: NEXT_PUBLIC_SUPA
BASE_URL
Add it to your 
.env.local or Vercel 
dashboard.
    at 
Object.<anonymous> (C:
\Users\Naveen\OneDrive
\Desktop\FF-APP\next.c
onfig.compiled.js:154:
23)
    at 
requireFromString (C:\
Users\Naveen\OneDrive\
Desktop\FF-APP\node_mo
dules\next\dist\build\
next-config-ts\require
-hook.js:81:7)
    at 
transpileConfig (C:\Us
ers\Naveen\OneDrive\De
sktop\FF-APP\node_modu
les\next\dist\build\ne
xt-config-ts\transpile
-config.js:63:51)
    at async 
loadConfig (C:\Users\N
aveen\OneDrive\Desktop
\FF-APP\node_modules\n
ext\dist\server\config
.js:763:36)
    at async 
Span.traceAsyncFn (C:\
Users\Naveen\OneDrive\
Desktop\FF-APP\node_mo
dules\next\dist\trace\
trace.js:153:20)
    at async (C:\Users
\Naveen\OneDrive\Deskt
op\FF-APP\node_modules
\next\dist\build\index
.js:367:28)
    at async 
Span.traceAsyncFn (C:\
Users\Naveen\OneDrive\
Desktop\FF-APP\node_mo
dules\next\dist\trace\
trace.js:153:20)
    at async build (C:
\Users\Naveen\OneDrive
\Desktop\FF-APP\node_m
odules\next\dist\build
\index.js:361:9)
