app/admin/page.tsx(5,24): error TS2307: Cannot find module '@/lib/prisma' or its corresponding type declarations.
app/admin/page.tsx(147,31): error TS7006: Parameter 'order' implicitly has an 'any' type.
app/api/admin/orders/[id]/route.ts(3,24): error TS2307: Cannot find module '@/lib/prisma' or its corresponding type declarations.
app/api/admin/orders/route.ts(3,24): error TS2307: Cannot find module '@/lib/prisma' or its corresponding type declarations.
app/api/admin/products/[id]/stock/route.ts(3,24): error TS2307: Cannot find module '@/lib/prisma' or its corresponding type declarations.
app/api/admin/stats/route.ts(3,24): error TS2307: Cannot find module '@/lib/prisma' or its corresponding type declarations.
app/api/orders/[id]/track/route.ts(3,24): error TS2307: Cannot find module '@/lib/prisma' or its corresponding type declarations.
app/api/orders/[id]/track/route.ts(49,33): error TS7006: Parameter 'item' implicitly has an 'any' type.
app/manifest.ts(70,9): error TS2578: Unused '@ts-expect-error' directive.
app/manifest.ts(78,9): error TS2578: Unused '@ts-expect-error' directive.
components/common/SplashScreen.tsx(13,13): error TS7030: Not all code paths return a value.
components/orders/OrderList.tsx(54,9): error TS2345: Argument of type '{ id: string; imageUrls: string[]; blurDataUrls: never[]; categoryId: string; brandId: null; sku: string; mrp: number; price: number; tags: never[]; isFeatured: false; inStock: true; averageRating: number; reviewCount: number; name: string; slug: string; unit: string; }' is not assignable to parameter of type 'Product'.
  Property 'description' is missing in type '{ id: string; imageUrls: string[]; blurDataUrls: never[]; categoryId: string; brandId: null; sku: string; mrp: number; price: number; tags: never[]; isFeatured: false; inStock: true; averageRating: number; reviewCount: number; name: string; slug: string; unit: string; }' but required in type 'Product'.
